==================================================
  Servidor iniciado!
  URL: http://localhost:5000
  Admin: adminceder / AdminCeder345
==================================================
 * Serving Flask app 'app'
 * Debug mode: off
WARNING: This is a development server. Do not use it in a production deployment. Use a production WSGI server instead.
 * Running on all addresses (0.0.0.0)
 * Running on http://127.0.0.1:5000
 * Running on http://172.16.2.80:5000
Press CTRL+C to quit
127.0.0.1 - - [05/Oct/2026 15:51:50] "GET /login HTTP/1.1" 200 -
127.0.0.1 - - [05/Oct/2026 15:52:29] "GET /login HTTP/1.1" 200 -
127.0.0.1 - - [05/Oct/2026 15:54:57] "GET /dashboard HTTP/1.1" 200 -
127.0.0.1 - - [05/Oct/2026 15:54:57] "GET /static/logo.png HTTP/1.1" 304 -
127.0.0.1 - - [05/Oct/2026 15:54:57] "GET /static/css/style.css HTTP/1.1" 304 -
127.0.0.1 - - [05/Oct/2026 15:55:17] "POST /upload HTTP/1.1" 200 -
==================================================
  Servidor iniciado!
  URL: http://localhost:5000
  Admin: adminceder / AdminCeder345
==================================================
 * Serving Flask app 'app'
 * Debug mode: off
Address already in use
Port 5000 is in use by another program. Either identify and stop that program, or start the server with a different port.
==================================================
  Servidor iniciado!
  URL: http://localhost:5000
  Admin: adminceder / AdminCeder345
==================================================
 * Serving Flask app 'app'
 * Debug mode: off
Address already in use
Port 5000 is in use by another program. Either identify and stop that program, or start the server with a different port.
==================================================
  Servidor iniciado!
  URL: http://localhost:5000
  Admin: adminceder / AdminCeder345
==================================================
 * Serving Flask app 'app'
 * Debug mode: off
Address already in use
Port 5000 is in use by another program. Either identify and stop that program, or start the server with a different port.
==================================================
  Servidor iniciado!
  URL: http://localhost:5000
  Admin: adminceder / AdminCeder345
==================================================
 * Serving Flask app 'app'
 * Debug mode: off
Address already in use
Port 5000 is in use by another program. Either identify and stop that program, or start the server with a different port.
==================================================
  Servidor iniciado!
  URL: http://localhost:5000
  Admin: adminceder / AdminCeder345
==================================================
 * Serving Flask app 'app'
 * Debug mode: off
Address already in use
Port 5000 is in use by another program. Either identify and stop that program, or start the server with a different port.
==================================================
  Servidor iniciado!
  URL: http://localhost:5000
  Admin: adminceder / AdminCeder345
==================================================
 * Serving Flask app 'app'
 * Debug mode: off
Address already in use
Port 5000 is in use by another program. Either identify and stop that program, or start the server with a different port.
==================================================
  Servidor iniciado!
  URL: http://localhost:5000
  Admin: adminceder / AdminCeder345
==================================================
 * Serving Flask app 'app'
 * Debug mode: off
Address already in use
Port 5000 is in use by another program. Either identify and stop that program, or start the server with a different port.
==================================================
  Servidor iniciado!
  URL: http://localhost:5000
  Admin: adminceder / AdminCeder345
==================================================
 * Serving Flask app 'app'
 * Debug mode: off
Address already in use
Port 5000 is in use by another program. Either identify and stop that program, or start the server with a different port.
==================================================
  Servidor iniciado!
  URL: http://localhost:5000
  Admin: adminceder / AdminCeder345
==================================================
 * Serving Flask app 'app'
 * Debug mode: off
Address already in use
Port 5000 is in use by another program. Either identify and stop that program, or start the server with a different port.
==================================================
  Servidor iniciado!
  URL: http://localhost:5000
  Admin: adminceder / AdminCeder345
==================================================
 * Serving Flask app 'app'
 * Debug mode: off
Address already in use
Port 5000 is in use by another program. Either identify and stop that program, or start the server with a different port.
==================================================
  Servidor iniciado!
  URL: http://localhost:5000
  Admin: adminceder / AdminCeder345
==================================================
 * Serving Flask app 'app'
 * Debug mode: off
Address already in use
Port 5000 is in use by another program. Either identify and stop that program, or start the server with a different port.
==================================================
  Servidor iniciado!
  URL: http://localhost:5000
  Admin: adminceder / AdminCeder345
==================================================
 * Serving Flask app 'app'
 * Debug mode: off
Address already in use
Port 5000 is in use by another program. Either identify and stop that program, or start the server with a different port.
==================================================
  Servidor iniciado!
  URL: http://localhost:5000
  Admin: adminceder / AdminCeder345
==================================================
 * Serving Flask app 'app'
 * Debug mode: off
Address already in use
Port 5000 is in use by another program. Either identify and stop that program, or start the server with a different port.
==================================================
  Servidor iniciado!
  URL: http://localhost:5000
  Admin: adminceder / AdminCeder345
==================================================
 * Serving Flask app 'app'
 * Debug mode: off
Address already in use
Port 5000 is in use by another program. Either identify and stop that program, or start the server with a different port.
==================================================
  Servidor iniciado!
  URL: http://localhost:5000
  Admin: adminceder / AdminCeder345
==================================================
 * Serving Flask app 'app'
 * Debug mode: off
Address already in use
Port 5000 is in use by another program. Either identify and stop that program, or start the server with a different port.
==================================================
  Servidor iniciado!
  URL: http://localhost:5000
  Admin: adminceder / AdminCeder345
==================================================
 * Serving Flask app 'app'
 * Debug mode: off
Address already in use
Port 5000 is in use by another program. Either identify and stop that program, or start the server with a different port.
==================================================
  Servidor iniciado!
  URL: http://localhost:5000
  Admin: adminceder / AdminCeder345
==================================================
 * Serving Flask app 'app'
 * Debug mode: off
Address already in use
Port 5000 is in use by another program. Either identify and stop that program, or start the server with a different port.
